Archive member included because of file (symbol)

lib/lib.a(ctype.o)            kernel/kernel.o (_ctype)
lib/lib.a(_exit.o)            init/main.o (_exit)
lib/lib.a(open.o)             init/main.o (open)
lib/lib.a(close.o)            init/main.o (close)
lib/lib.a(errno.o)            init/main.o (errno)
lib/lib.a(write.o)            init/main.o (write)
lib/lib.a(dup.o)              init/main.o (dup)
lib/lib.a(setsid.o)           init/main.o (setsid)
lib/lib.a(execve.o)           init/main.o (execve)
lib/lib.a(wait.o)             init/main.o (wait)
lib/lib.a(string.o)           kernel/kernel.o (memcpy)

Allocating common symbols
Common symbol       size              file

errno               0x4               lib/lib.a(errno.o)
hash_table          0x4cc             fs/fs.o
___strtok           0x4               lib/lib.a(string.o)
user_stack          0x1000            kernel/kernel.o
_ctmp               0x1               lib/lib.a(ctype.o)
super_block         0x340             fs/fs.o
file_table          0x400             fs/fs.o

Discarded input sections

 .note.GNU-stack
                0x0000000000000000        0x0 init/main.o
 .note.GNU-stack
                0x0000000000000000        0x0 kernel/kernel.o
 .note.GNU-stack
                0x0000000000000000        0x0 mm/mm.o
 .note.GNU-stack
                0x0000000000000000        0x0 fs/fs.o
 .note.GNU-stack
                0x0000000000000000        0x0 lib/lib.a(ctype.o)
 .note.GNU-stack
                0x0000000000000000        0x0 lib/lib.a(_exit.o)
 .note.GNU-stack
                0x0000000000000000        0x0 lib/lib.a(open.o)
 .note.GNU-stack
                0x0000000000000000        0x0 lib/lib.a(close.o)
 .note.GNU-stack
                0x0000000000000000        0x0 lib/lib.a(errno.o)
 .note.GNU-stack
                0x0000000000000000        0x0 lib/lib.a(write.o)
 .note.GNU-stack
                0x0000000000000000        0x0 lib/lib.a(dup.o)
 .note.GNU-stack
                0x0000000000000000        0x0 lib/lib.a(setsid.o)
 .note.GNU-stack
                0x0000000000000000        0x0 lib/lib.a(execve.o)
 .note.GNU-stack
                0x0000000000000000        0x0 lib/lib.a(wait.o)
 .note.GNU-stack
                0x0000000000000000        0x0 lib/lib.a(string.o)

Memory Configuration

Name             Origin             Length             Attributes
*default*        0x0000000000000000 0xffffffffffffffff

Linker script and memory map

Address of section .text set to 0x0
LOAD boot/head.o
LOAD init/main.o
LOAD kernel/kernel.o
LOAD mm/mm.o
LOAD fs/fs.o
LOAD lib/lib.a
                0x0000000008048000                PROVIDE (__executable_start, 0x8048000)
                0x0000000008048094                . = (0x8048000 + SIZEOF_HEADERS)

.interp
 *(.interp)

.note.gnu.build-id
 *(.note.gnu.build-id)

.hash
 *(.hash)

.gnu.hash
 *(.gnu.hash)

.dynsym
 *(.dynsym)

.dynstr
 *(.dynstr)

.gnu.version
 *(.gnu.version)

.gnu.version_d
 *(.gnu.version_d)

.gnu.version_r
 *(.gnu.version_r)

.rel.dyn        0x0000000008048094        0x0
 *(.rel.init)
 *(.rel.text .rel.text.* .rel.gnu.linkonce.t.*)
 .rel.text      0x0000000000000000        0x0 boot/head.o
 *(.rel.fini)
 *(.rel.rodata .rel.rodata.* .rel.gnu.linkonce.r.*)
 *(.rel.data.rel.ro* .rel.gnu.linkonce.d.rel.ro.*)
 *(.rel.data .rel.data.* .rel.gnu.linkonce.d.*)
 .rel.data      0x0000000000000000        0x0 boot/head.o
 *(.rel.tdata .rel.tdata.* .rel.gnu.linkonce.td.*)
 *(.rel.tbss .rel.tbss.* .rel.gnu.linkonce.tb.*)
 *(.rel.ctors)
 *(.rel.dtors)
 *(.rel.got)
 *(.rel.bss .rel.bss.* .rel.gnu.linkonce.b.*)
 *(.rel.ifunc)

.rel.plt        0x0000000008048094        0x0
 *(.rel.plt)
                0x0000000008048094                PROVIDE (__rel_iplt_start, .)
 *(.rel.iplt)
 .rel.iplt      0x0000000000000000        0x0 boot/head.o
                0x0000000008048094                PROVIDE (__rel_iplt_end, .)

.init
 *(.init)

.plt            0x00000000080480a0        0x0
 *(.plt)
 *(.iplt)
 .iplt          0x0000000000000000        0x0 boot/head.o

.text           0x0000000000000000    0x10995
 *(.text.unlikely .text.*_unlikely)
 *(.text.exit .text.exit.*)
 *(.text.startup .text.startup.*)
 *(.text.hot .text.hot.*)
 *(.text .stub .text.* .gnu.linkonce.t.*)
 .text          0x0000000000000000     0x5078 boot/head.o
                0x0000000000000000                startup_32
                0x0000000000000000                pg_dir
                0x0000000000004078                idt
                0x0000000000004878                gdt
 *fill*         0x0000000000005078        0x8 90909090
 .text          0x0000000000005080      0x370 init/main.o
                0x00000000000050c1                init
                0x0000000000005232                main
 .text          0x00000000000053f0     0x5947 kernel/kernel.o
                0x00000000000053f0                sys_alarm
                0x0000000000005417                sys_getpid
                0x0000000000005423                sys_getppid
                0x000000000000542f                sys_getuid
                0x000000000000543c                sys_geteuid
                0x0000000000005449                sys_getgid
                0x0000000000005456                sys_getegid
                0x0000000000005463                sys_nice
                0x000000000000547c                sys_signal
                0x00000000000054b9                math_state_restore
                0x00000000000054f0                schedule
                0x00000000000055e1                sys_pause
                0x00000000000055f7                sleep_on
                0x0000000000005651                interruptible_sleep_on
                0x00000000000056bb                wake_up
                0x00000000000056d7                do_timer
                0x000000000000571d                sched_init
                0x0000000000005844                system_call
                0x0000000000005936                timer_interrupt
                0x000000000000596e                sys_execve
                0x000000000000597c                sys_fork
                0x0000000000005994                hd_interrupt
                0x0000000000005b41                do_double_fault
                0x0000000000005b5a                do_general_protection
                0x0000000000005b73                do_divide_error
                0x0000000000005b8c                do_int3
                0x0000000000005c44                do_nmi
                0x0000000000005c5d                do_debug
                0x0000000000005c76                do_overflow
                0x0000000000005c8f                do_bounds
                0x0000000000005ca8                do_invalid_op
                0x0000000000005cc1                do_device_not_available
                0x0000000000005cda                do_coprocessor_segment_overrun
                0x0000000000005cf3                do_invalid_TSS
                0x0000000000005d0c                do_segment_not_present
                0x0000000000005d25                do_stack_segment
                0x0000000000005d3e                do_coprocessor_error
                0x0000000000005d57                do_reserved
                0x0000000000005d70                trap_init
                0x0000000000005f2c                divide_error
                0x0000000000005f61                debug
                0x0000000000005f68                nmi
                0x0000000000005f6f                int3
                0x0000000000005f76                overflow
                0x0000000000005f7d                bounds
                0x0000000000005f84                invalid_op
                0x0000000000005f93                device_not_available
                0x0000000000005fc0                coprocessor_segment_overrun
                0x0000000000005fca                reserved
                0x0000000000005fd4                coprocessor_error
                0x0000000000005fde                double_fault
                0x0000000000006015                invalid_TSS
                0x000000000000601c                segment_not_present
                0x0000000000006023                stack_segment
                0x000000000000602a                general_protection
                0x0000000000006034                verify_area
                0x0000000000006099                copy_mem
                0x000000000000618f                copy_process
                0x000000000000641e                find_empty_process
                0x0000000000006480                panic
                0x000000000000649c                printk
                0x0000000000006726                vsprintf
                0x0000000000006a90                tty_init
                0x0000000000006aa1                tty_intr
                0x0000000000006ae6                copy_to_cooked
                0x0000000000006d66                tty_read
                0x000000000000702c                tty_write
                0x0000000000007209                do_tty_interrupt
                0x0000000000007435                csi_m
                0x0000000000007490                con_write
                0x0000000000007dfa                con_init
                0x0000000000007e7d                prikazi_root_velicinu
                0x0000000000007efa                sys_clear
                0x0000000000007f0b                sys_videowrite
                0x0000000000007f6b                keyboard_interrupt
                0x0000000000008512                user_key_map_size
                0x000000000000853a                user_key_ptr
                0x000000000000853e                user_shift_ptr
                0x0000000000008542                user_alt_ptr
                0x0000000000008546                selected_layout
                0x0000000000008a34                rs1_interrupt
                0x0000000000008a3c                rs2_interrupt
                0x00000000000091a9                rw_hd
                0x0000000000009252                sys_setup
                0x0000000000009351                unexpected_hd_interrupt
                0x0000000000009364                hd_init
                0x00000000000093e0                sys_ftime
                0x00000000000093e6                sys_mknod
                0x00000000000093ec                sys_break
                0x00000000000093f2                sys_mount
                0x00000000000093f8                sys_umount
                0x00000000000093fe                sys_ustat
                0x0000000000009404                sys_ptrace
                0x000000000000940a                sys_stty
                0x0000000000009410                sys_gtty
                0x0000000000009416                sys_rename
                0x000000000000941c                sys_prof
                0x0000000000009422                sys_setgid
                0x000000000000947f                sys_acct
                0x0000000000009485                sys_phys
                0x000000000000948b                sys_lock
                0x0000000000009491                sys_mpx
                0x0000000000009497                sys_ulimit
                0x000000000000949d                sys_time
                0x00000000000094f0                sys_setuid
                0x0000000000009549                sys_stime
                0x0000000000009596                sys_times
                0x00000000000095ef                sys_brk
                0x0000000000009622                sys_setpgid
                0x0000000000009697                sys_getpgrp
                0x00000000000096a3                sys_setsid
                0x00000000000096f8                sys_oldolduname
                0x0000000000009710                sys_uname
                0x000000000000975d                sys_umask
                0x000000000000977b                sys_null
                0x000000000000979d                swap
                0x00000000000097b2                swapInt
                0x00000000000097c5                enkriptuj
                0x00000000000099a4                dekriptuj
                0x0000000000009b4c                sys_change_user_layout
                0x0000000000009bb5                sys_keyset
                0x0000000000009c42                reverse
                0x0000000000009ca9                brojToString
                0x0000000000009cf8                shiftStringToLeft
                0x0000000000009d48                doesItContainString
                0x0000000000009dd4                izbrisiIzFajla
                0x0000000000009f54                upisiUFajl
                0x000000000000a155                sys_encry
                0x000000000000a276                sys_decry
                0x000000000000a395                encryWithInode
                0x000000000000a478                decryWithInode
                0x000000000000a55b                sys_keyclear
                0x000000000000a568                sys_zapocni
                0x000000000000a610                release
                0x000000000000a66a                do_kill
                0x000000000000a8e3                sys_kill
                0x000000000000a919                do_exit
                0x000000000000aaac                sys_exit
                0x000000000000aac7                sys_waitpid
                0x000000000000ac4e                rs_init
                0x000000000000aca6                rs_write
                0x000000000000acd0                kernel_mktime
 *fill*         0x000000000000ad37        0x1 90909090
 .text          0x000000000000ad38      0x517 mm/mm.o
                0x000000000000ad38                invalidate
                0x000000000000ad41                copy_page
                0x000000000000ad66                get_free_page
                0x000000000000ad9e                free_page
                0x000000000000adfe                free_page_tables
                0x000000000000aeae                copy_page_tables
                0x000000000000afa8                put_page
                0x000000000000b055                un_wp_page
                0x000000000000b0e5                do_wp_page
                0x000000000000b115                write_verify
                0x000000000000b154                do_no_page
                0x000000000000b184                calc_mem
                0x000000000000b218                page_fault
 *fill*         0x000000000000b24f        0x1 90909090
 .text          0x000000000000b250     0x5189 fs/fs.o
                0x000000000000b250                sys_utime
                0x000000000000b2b9                sys_access
                0x000000000000b350                sys_chdir
                0x000000000000b3b3                sys_chroot
                0x000000000000b416                sys_chmod
                0x000000000000b4ab                sys_chown
                0x000000000000b512                sys_open
                0x000000000000b6a6                sys_creat
                0x000000000000b6c9                sys_close
                0x000000000000b750                sys_lseek
                0x000000000000b80c                sys_read
                0x000000000000b967                sys_write
                0x000000000000be7b                sync_inodes
                0x000000000000bec5                bmap
                0x000000000000bede                create_block
                0x000000000000bef7                iput
                0x000000000000bfe5                get_empty_inode
                0x000000000000c0d3                get_pipe_inode
                0x000000000000c11a                iget
                0x000000000000c307                sys_sync
                0x000000000000c36f                brelse
                0x000000000000c3c1                get_hash_table
                0x000000000000c420                getblk
                0x000000000000c6bf                bread
                0x000000000000c719                buffer_init
                0x000000000000c7b4                do_mount
                0x000000000000c9bf                mount_root
                0x000000000000cb10                block_write
                0x000000000000cbf3                block_read
                0x000000000000ccca                ll_rw_block
                0x000000000000cd93                rw_char
                0x000000000000ce04                isItInTheFile
                0x000000000000cf3b                file_read
                0x000000000000d120                file_write
                0x000000000000d426                sys_stat
                0x000000000000d46b                sys_lstat
                0x000000000000d486                sys_fstat
                0x000000000000d4c9                sys_stat64
                0x000000000000d50e                sys_fstat64
                0x000000000000d551                sys_lstat64
                0x000000000000d56c                sys_oldstat
                0x000000000000d584                sys_oldfstat
                0x000000000000d6c4                cp_block
                0x000000000000d6f9                is_valid_elf
                0x000000000000d73e                read_file_block_ind
                0x000000000000d7d3                read_file_block
                0x000000000000d8d2                copy_section
                0x000000000000d9c0                create_bss_section
                0x000000000000d9e6                load_elf_binary
                0x000000000000dbf1                do_execve
                0x000000000000e084                read_pipe
                0x000000000000e11d                write_pipe
                0x000000000000e216                sys_pipe
                0x000000000000e849                namei
                0x000000000000e8ff                open_namei
                0x000000000000eb65                sys_mkdir
                0x000000000000ee1a                sys_rmdir
                0x000000000000f18c                sys_unlink
                0x000000000000f374                sys_link
                0x000000000000f520                free_block
                0x000000000000f65b                new_block
                0x000000000000f7de                free_inode
                0x000000000000f90a                new_inode
                0x000000000000faea                sys_dup2
                0x000000000000fb0a                sys_dup
                0x000000000000fb1a                sys_fcntl
                0x000000000000fbd7                sys_fcntl64
                0x000000000000fc2c                sys_ioctl
                0x000000000000fcc9                tty_ioctl
                0x000000000000ff95                truncate
                0x00000000000100a0                sys_getdents
                0x000000000001024b                sys_getdents64
 *fill*         0x00000000000103d9        0x3 90909090
 .text          0x00000000000103dc        0x0 lib/lib.a(ctype.o)
 .text          0x00000000000103dc        0xe lib/lib.a(_exit.o)
                0x00000000000103dc                _exit
 *fill*         0x00000000000103ea        0x2 90909090
 .text          0x00000000000103ec       0x3d lib/lib.a(open.o)
                0x00000000000103ec                open
 *fill*         0x0000000000010429        0x3 90909090
 .text          0x000000000001042c       0x23 lib/lib.a(close.o)
                0x000000000001042c                close
 *fill*         0x000000000001044f        0x1 90909090
 .text          0x0000000000010450        0x0 lib/lib.a(errno.o)
 .text          0x0000000000010450       0x3d lib/lib.a(write.o)
                0x0000000000010450                write
 *fill*         0x000000000001048d        0x3 90909090
 .text          0x0000000000010490       0x23 lib/lib.a(dup.o)
                0x0000000000010490                dup
 *fill*         0x00000000000104b3        0x1 90909090
 .text          0x00000000000104b4       0x1e lib/lib.a(setsid.o)
                0x00000000000104b4                setsid
 *fill*         0x00000000000104d2        0x2 90909090
 .text          0x00000000000104d4       0x3d lib/lib.a(execve.o)
                0x00000000000104d4                execve
 *fill*         0x0000000000010511        0x3 90909090
 .text          0x0000000000010514       0x60 lib/lib.a(wait.o)
                0x0000000000010514                waitpid
                0x0000000000010551                wait
 .text          0x0000000000010574      0x421 lib/lib.a(string.o)
                0x0000000000010574                strcpy
                0x000000000001059c                strncpy
                0x00000000000105cd                strcat
                0x0000000000010602                strncat
                0x0000000000010641                strcmp
                0x000000000001066f                strncmp
                0x00000000000106a4                strchr
                0x00000000000106c2                strrchr
                0x00000000000106e3                strspn
                0x0000000000010730                strcspn
                0x000000000001077d                strpbrk
                0x00000000000107c2                strstr
                0x0000000000010807                strlen
                0x0000000000010820                strtok
                0x00000000000108b1                memcpy
                0x00000000000108d7                memmove
                0x0000000000010925                memcmp
                0x0000000000010959                memchr
                0x000000000001097f                memset
 *(.gnu.warning)

.fini
 *(.fini)
                0x0000000000010995                PROVIDE (__etext, .)
                0x0000000000010995                PROVIDE (_etext, .)
                0x0000000000010995                PROVIDE (etext, .)

.rodata         0x00000000000109a0     0x1094
 *(.rodata .rodata.* .gnu.linkonce.r.*)
 .rodata.str1.1
                0x00000000000109a0       0x68 init/main.o
 .rodata.str1.4
                0x0000000000010a08       0x25 init/main.o
 *fill*         0x0000000000010a2d       0x13 00
 .rodata        0x0000000000010a40      0x270 kernel/kernel.o
 .rodata.str1.1
                0x0000000000010cb0      0x29a kernel/kernel.o
                                        0x2a0 (size before relaxing)
 *fill*         0x0000000000010f4a        0x2 00
 .rodata.str1.4
                0x0000000000010f4c      0x248 kernel/kernel.o
 .rodata.str1.4
                0x0000000000011194       0xe9 mm/mm.o
 .rodata.str1.1
                0x000000000001127d       0x68 mm/mm.o
 *fill*         0x00000000000112e5       0x1b 00
 .rodata        0x0000000000011300       0xc4 fs/fs.o
 .rodata.str1.1
                0x00000000000113c4      0x33b fs/fs.o
                                        0x341 (size before relaxing)
 *fill*         0x00000000000116ff        0x1 00
 .rodata.str1.4
                0x0000000000011700      0x334 fs/fs.o

.rodata1
 *(.rodata1)

.eh_frame_hdr
 *(.eh_frame_hdr)

.eh_frame       0x0000000000011a34     0x25a4
 *(.eh_frame)
 .eh_frame      0x0000000000011a34       0x74 init/main.o
 .eh_frame      0x0000000000011aa8     0x10e0 kernel/kernel.o
                                       0x1218 (size before relaxing)
 .eh_frame      0x0000000000012b88      0x1a8 mm/mm.o
                                        0x1c0 (size before relaxing)
 .eh_frame      0x0000000000012d30      0xf4c fs/fs.o
                                       0x10fc (size before relaxing)
 .eh_frame      0x0000000000013c7c       0x1c lib/lib.a(_exit.o)
                                         0x34 (size before relaxing)
 .eh_frame      0x0000000000013c98       0x20 lib/lib.a(open.o)
                                         0x38 (size before relaxing)
 .eh_frame      0x0000000000013cb8       0x1c lib/lib.a(close.o)
                                         0x34 (size before relaxing)
 .eh_frame      0x0000000000013cd4       0x20 lib/lib.a(write.o)
                                         0x38 (size before relaxing)
 .eh_frame      0x0000000000013cf4       0x1c lib/lib.a(dup.o)
                                         0x34 (size before relaxing)
 .eh_frame      0x0000000000013d10       0x14 lib/lib.a(setsid.o)
                                         0x2c (size before relaxing)
 .eh_frame      0x0000000000013d24       0x20 lib/lib.a(execve.o)
                                         0x38 (size before relaxing)
 .eh_frame      0x0000000000013d44       0x38 lib/lib.a(wait.o)
                                         0x50 (size before relaxing)
 .eh_frame      0x0000000000013d7c      0x25c lib/lib.a(string.o)
                                        0x274 (size before relaxing)

.gcc_except_table
 *(.gcc_except_table .gcc_except_table.*)

.exception_ranges
 *(.exception_ranges .exception_ranges*)
                0x0000000000013fd8                . = (ALIGN (0x1000) - ((0x1000 - .) & 0xfff))
                0x0000000000014000                . = DATA_SEGMENT_ALIGN (0x1000, 0x1000)

.eh_frame
 *(.eh_frame)

.gcc_except_table
 *(.gcc_except_table .gcc_except_table.*)

.exception_ranges
 *(.exception_ranges .exception_ranges*)

.tdata
 *(.tdata .tdata.* .gnu.linkonce.td.*)

.tbss
 *(.tbss .tbss.* .gnu.linkonce.tb.*)
 *(.tcommon)

.preinit_array  0x0000000000014000        0x0
                0x0000000000014000                PROVIDE (__preinit_array_start, .)
 *(.preinit_array)
                0x0000000000014000                PROVIDE (__preinit_array_end, .)

.init_array     0x0000000000014000        0x0
                0x0000000000014000                PROVIDE (__init_array_start, .)
 *(SORT(.init_array.*) SORT(.ctors.*))
 *(.init_array)
 *(EXCLUDE_FILE(*crtend?.o *crtend.o *crtbegin?.o *crtbegin.o) .ctors)
                0x0000000000014000                PROVIDE (__init_array_end, .)

.fini_array     0x0000000000014000        0x0
                0x0000000000014000                PROVIDE (__fini_array_start, .)
 *(SORT(.fini_array.*) SORT(.dtors.*))
 *(.fini_array)
 *(EXCLUDE_FILE(*crtend?.o *crtend.o *crtbegin?.o *crtbegin.o) .dtors)
                0x0000000000014000                PROVIDE (__fini_array_end, .)

.ctors
 *crtbegin.o(.ctors)
 *crtbegin?.o(.ctors)
 *(EXCLUDE_FILE(*crtend?.o *crtend.o) .ctors)
 *(SORT(.ctors.*))
 *(.ctors)

.dtors
 *crtbegin.o(.dtors)
 *crtbegin?.o(.dtors)
 *(EXCLUDE_FILE(*crtend?.o *crtend.o) .dtors)
 *(SORT(.dtors.*))
 *(.dtors)

.jcr
 *(.jcr)

.data.rel.ro
 *(.data.rel.ro.local* .gnu.linkonce.d.rel.ro.local.*)
 *(.data.rel.ro* .gnu.linkonce.d.rel.ro.*)

.dynamic
 *(.dynamic)

.got
 *(.got)
 *(.igot)
                0x0000000000014000                . = DATA_SEGMENT_RELRO_END (., 0xc)

.got.plt        0x0000000000014000        0x0
 *(.got.plt)
 *(.igot.plt)
 .igot.plt      0x0000000000000000        0x0 boot/head.o

.data           0x0000000000014000     0x3e64
 *(.data .data.* .gnu.linkonce.d.*)
 .data          0x0000000000014000        0x0 boot/head.o
 .data          0x0000000000014000       0x18 init/main.o
 *fill*         0x0000000000014018        0x8 00
 .data          0x0000000000014020     0x3d2c kernel/kernel.o
                0x0000000000014020                stack_start
                0x0000000000014040                task
                0x0000000000014140                current
                0x0000000000014160                sys_call_table
                0x0000000000015660                table_list
                0x0000000000015680                tty_table
 .data          0x0000000000017d4c        0x0 mm/mm.o
 .data          0x0000000000017d4c        0xc fs/fs.o
                0x0000000000017d4c                start_buffer
                0x0000000000017d50                brojZaGlavniFile
                0x0000000000017d54                pathZaFile
 *fill*         0x0000000000017d58        0x8 00
 .data          0x0000000000017d60      0x101 lib/lib.a(ctype.o)
                0x0000000000017d60                _ctype
 *fill*         0x0000000000017e61        0x3 00
 .data          0x0000000000017e64        0x0 lib/lib.a(_exit.o)
 .data          0x0000000000017e64        0x0 lib/lib.a(open.o)
 .data          0x0000000000017e64        0x0 lib/lib.a(close.o)
 .data          0x0000000000017e64        0x0 lib/lib.a(errno.o)
 .data          0x0000000000017e64        0x0 lib/lib.a(write.o)
 .data          0x0000000000017e64        0x0 lib/lib.a(dup.o)
 .data          0x0000000000017e64        0x0 lib/lib.a(setsid.o)
 .data          0x0000000000017e64        0x0 lib/lib.a(execve.o)
 .data          0x0000000000017e64        0x0 lib/lib.a(wait.o)
 .data          0x0000000000017e64        0x0 lib/lib.a(string.o)

.data1
 *(.data1)
                0x0000000000017e64                _edata = .
                0x0000000000017e64                PROVIDE (edata, .)
                0x0000000000017e64                __bss_start = .

.bss            0x0000000000017e80     0x3f4c
 *(.dynbss)
 *(.bss .bss.* .gnu.linkonce.b.*)
 .bss           0x0000000000017e80        0x0 boot/head.o
 .bss           0x0000000000017e80      0x400 init/main.o
 .bss           0x0000000000018280      0xbe4 kernel/kernel.o
                0x0000000000018280                last_task_used_math
                0x0000000000018284                startup_time
                0x0000000000018288                jiffies
                0x000000000001828c                last_pid
                0x0000000000018740                do_hd
                0x0000000000018c60                global_key
                0x0000000000018e62                debugBr
 *fill*         0x0000000000018e64       0x1c 00
 .bss           0x0000000000018e80      0xc00 mm/mm.o
 .bss           0x0000000000019a80      0x714 fs/fs.o
                0x0000000000019a80                inode_table
                0x000000000001a184                nr_buffers
                0x000000000001a190                br
 .bss           0x000000000001a194        0x0 lib/lib.a(ctype.o)
 .bss           0x000000000001a194        0x0 lib/lib.a(_exit.o)
 .bss           0x000000000001a194        0x0 lib/lib.a(open.o)
 .bss           0x000000000001a194        0x0 lib/lib.a(close.o)
 .bss           0x000000000001a194        0x0 lib/lib.a(errno.o)
 .bss           0x000000000001a194        0x0 lib/lib.a(write.o)
 .bss           0x000000000001a194        0x0 lib/lib.a(dup.o)
 .bss           0x000000000001a194        0x0 lib/lib.a(setsid.o)
 .bss           0x000000000001a194        0x0 lib/lib.a(execve.o)
 .bss           0x000000000001a194        0x0 lib/lib.a(wait.o)
 .bss           0x000000000001a194        0x0 lib/lib.a(string.o)
 *(COMMON)
 *fill*         0x000000000001a194        0xc 00
 COMMON         0x000000000001a1a0     0x1000 kernel/kernel.o
                0x000000000001a1a0                user_stack
 COMMON         0x000000000001b1a0      0xc20 fs/fs.o
                0x000000000001b1a0                hash_table
                0x000000000001b680                super_block
                0x000000000001b9c0                file_table
 COMMON         0x000000000001bdc0        0x1 lib/lib.a(ctype.o)
                0x000000000001bdc0                _ctmp
 *fill*         0x000000000001bdc1        0x3 00
 COMMON         0x000000000001bdc4        0x4 lib/lib.a(errno.o)
                0x000000000001bdc4                errno
 COMMON         0x000000000001bdc8        0x4 lib/lib.a(string.o)
                0x000000000001bdc8                ___strtok
                0x000000000001bdcc                . = ALIGN ((. != 0x0)?0x4:0x1)
                0x000000000001bdcc                . = ALIGN (0x4)
                0x000000000001bdcc                . = ALIGN (0x4)
                0x000000000001bdcc                _end = .
                0x000000000001bdcc                PROVIDE (end, .)
                0x000000000001bdcc                . = DATA_SEGMENT_END (.)

.stab
 *(.stab)

.stabstr
 *(.stabstr)

.stab.excl
 *(.stab.excl)

.stab.exclstr
 *(.stab.exclstr)

.stab.index
 *(.stab.index)

.stab.indexstr
 *(.stab.indexstr)

.comment        0x0000000000000000       0x2a
 *(.comment)
 .comment       0x0000000000000000       0x2a init/main.o
                                         0x2b (size before relaxing)
 .comment       0x0000000000000000      0x22f kernel/kernel.o
 .comment       0x0000000000000000       0x2b mm/mm.o
 .comment       0x0000000000000000      0x331 fs/fs.o
 .comment       0x0000000000000000       0x2b lib/lib.a(ctype.o)
 .comment       0x0000000000000000       0x2b lib/lib.a(_exit.o)
 .comment       0x0000000000000000       0x2b lib/lib.a(open.o)
 .comment       0x0000000000000000       0x2b lib/lib.a(close.o)
 .comment       0x0000000000000000       0x2b lib/lib.a(errno.o)
 .comment       0x0000000000000000       0x2b lib/lib.a(write.o)
 .comment       0x0000000000000000       0x2b lib/lib.a(dup.o)
 .comment       0x0000000000000000       0x2b lib/lib.a(setsid.o)
 .comment       0x0000000000000000       0x2b lib/lib.a(execve.o)
 .comment       0x0000000000000000       0x2b lib/lib.a(wait.o)
 .comment       0x0000000000000000       0x2b lib/lib.a(string.o)

.debug
 *(.debug)

.line
 *(.line)

.debug_srcinfo
 *(.debug_srcinfo)

.debug_sfnames
 *(.debug_sfnames)

.debug_aranges  0x0000000000000000      0x540
 *(.debug_aranges)
 .debug_aranges
                0x0000000000000000       0x20 init/main.o
 .debug_aranges
                0x0000000000000020      0x1a0 kernel/kernel.o
 .debug_aranges
                0x00000000000001c0       0x20 mm/mm.o
 .debug_aranges
                0x00000000000001e0      0x240 fs/fs.o
 .debug_aranges
                0x0000000000000420       0x20 lib/lib.a(_exit.o)
 .debug_aranges
                0x0000000000000440       0x20 lib/lib.a(open.o)
 .debug_aranges
                0x0000000000000460       0x20 lib/lib.a(close.o)
 .debug_aranges
                0x0000000000000480       0x20 lib/lib.a(write.o)
 .debug_aranges
                0x00000000000004a0       0x20 lib/lib.a(dup.o)
 .debug_aranges
                0x00000000000004c0       0x20 lib/lib.a(setsid.o)
 .debug_aranges
                0x00000000000004e0       0x20 lib/lib.a(execve.o)
 .debug_aranges
                0x0000000000000500       0x20 lib/lib.a(wait.o)
 .debug_aranges
                0x0000000000000520       0x20 lib/lib.a(string.o)

.debug_pubnames
 *(.debug_pubnames)

.debug_info     0x0000000000000000    0x1b55d
 *(.debug_info .gnu.linkonce.wi.*)
 .debug_info    0x0000000000000000      0xccf init/main.o
 .debug_info    0x0000000000000ccf     0x982b kernel/kernel.o
 .debug_info    0x000000000000a4fa      0x4d6 mm/mm.o
 .debug_info    0x000000000000a9d0     0xe49c fs/fs.o
 .debug_info    0x0000000000018e6c       0x70 lib/lib.a(ctype.o)
 .debug_info    0x0000000000018edc      0x3af lib/lib.a(_exit.o)
 .debug_info    0x000000000001928b      0x403 lib/lib.a(open.o)
 .debug_info    0x000000000001968e      0x3ce lib/lib.a(close.o)
 .debug_info    0x0000000000019a5c       0x3f lib/lib.a(errno.o)
 .debug_info    0x0000000000019a9b      0x400 lib/lib.a(write.o)
 .debug_info    0x0000000000019e9b      0x3ce lib/lib.a(dup.o)
 .debug_info    0x000000000001a269      0x3cb lib/lib.a(setsid.o)
 .debug_info    0x000000000001a634      0x3fc lib/lib.a(execve.o)
 .debug_info    0x000000000001aa30      0x428 lib/lib.a(wait.o)
 .debug_info    0x000000000001ae58      0x705 lib/lib.a(string.o)

.debug_abbrev   0x0000000000000000     0x45e3
 *(.debug_abbrev)
 .debug_abbrev  0x0000000000000000      0x1d7 init/main.o
 .debug_abbrev  0x00000000000001d7     0x1925 kernel/kernel.o
 .debug_abbrev  0x0000000000001afc      0x1af mm/mm.o
 .debug_abbrev  0x0000000000001cab     0x21a3 fs/fs.o
 .debug_abbrev  0x0000000000003e4e       0x42 lib/lib.a(ctype.o)
 .debug_abbrev  0x0000000000003e90       0xa3 lib/lib.a(_exit.o)
 .debug_abbrev  0x0000000000003f33       0xdc lib/lib.a(open.o)
 .debug_abbrev  0x000000000000400f       0xb4 lib/lib.a(close.o)
 .debug_abbrev  0x00000000000040c3       0x30 lib/lib.a(errno.o)
 .debug_abbrev  0x00000000000040f3       0xd7 lib/lib.a(write.o)
 .debug_abbrev  0x00000000000041ca       0xb4 lib/lib.a(dup.o)
 .debug_abbrev  0x000000000000427e       0xb2 lib/lib.a(setsid.o)
 .debug_abbrev  0x0000000000004330       0xbb lib/lib.a(execve.o)
 .debug_abbrev  0x00000000000043eb       0xd0 lib/lib.a(wait.o)
 .debug_abbrev  0x00000000000044bb      0x128 lib/lib.a(string.o)

.debug_line     0x0000000000000000     0x39e6
 *(.debug_line)
 .debug_line    0x0000000000000000      0x11e init/main.o
 .debug_line    0x000000000000011e     0x1706 kernel/kernel.o
 .debug_line    0x0000000000001824      0x122 mm/mm.o
 .debug_line    0x0000000000001946     0x1bd8 fs/fs.o
 .debug_line    0x000000000000351e       0x28 lib/lib.a(ctype.o)
 .debug_line    0x0000000000003546       0x50 lib/lib.a(_exit.o)
 .debug_line    0x0000000000003596       0x76 lib/lib.a(open.o)
 .debug_line    0x000000000000360c       0x6e lib/lib.a(close.o)
 .debug_line    0x000000000000367a       0x28 lib/lib.a(errno.o)
 .debug_line    0x00000000000036a2       0x8c lib/lib.a(write.o)
 .debug_line    0x000000000000372e       0x6c lib/lib.a(dup.o)
 .debug_line    0x000000000000379a       0x88 lib/lib.a(setsid.o)
 .debug_line    0x0000000000003822       0x73 lib/lib.a(execve.o)
 .debug_line    0x0000000000003895       0x90 lib/lib.a(wait.o)
 .debug_line    0x0000000000003925       0xc1 lib/lib.a(string.o)

.debug_frame
 *(.debug_frame)

.debug_str      0x0000000000000000     0x1d2b
 *(.debug_str)
 .debug_str     0x0000000000000000      0x409 init/main.o
                                        0x4bb (size before relaxing)
 .debug_str     0x0000000000000409      0xd42 kernel/kernel.o
                                       0x359b (size before relaxing)
 .debug_str     0x000000000000114b      0x137 mm/mm.o
                                        0x1d7 (size before relaxing)
 .debug_str     0x0000000000001282      0x9c1 fs/fs.o
                                       0x564a (size before relaxing)
 .debug_str     0x0000000000001c43       0x3c lib/lib.a(ctype.o)
                                         0x7c (size before relaxing)
 .debug_str     0x0000000000001c7f        0x8 lib/lib.a(_exit.o)
                                        0x29a (size before relaxing)
 .debug_str     0x0000000000000000        0x8 lib/lib.a(open.o)
                                        0x2aa (size before relaxing)
 .debug_str     0x0000000000001c87        0x8 lib/lib.a(close.o)
                                        0x29c (size before relaxing)
 .debug_str     0x0000000000001c8f        0x8 lib/lib.a(errno.o)
                                         0x4e (size before relaxing)
 .debug_str     0x0000000000000000        0x8 lib/lib.a(write.o)
                                        0x2a8 (size before relaxing)
 .debug_str     0x0000000000001c97        0x6 lib/lib.a(dup.o)
                                        0x294 (size before relaxing)
 .debug_str     0x0000000000001c9d        0x9 lib/lib.a(setsid.o)
                                        0x2a4 (size before relaxing)
 .debug_str     0x0000000000001ca6        0x9 lib/lib.a(execve.o)
                                        0x2ad (size before relaxing)
 .debug_str     0x0000000000001caf       0x11 lib/lib.a(wait.o)
                                        0x2ba (size before relaxing)
 .debug_str     0x0000000000001cc0       0x6b lib/lib.a(string.o)
                                        0x102 (size before relaxing)

.debug_loc      0x0000000000000000     0xbe6d
 *(.debug_loc)
 .debug_loc     0x0000000000000000      0x256 init/main.o
 .debug_loc     0x0000000000000256     0x4a50 kernel/kernel.o
 .debug_loc     0x0000000000004ca6      0x640 mm/mm.o
 .debug_loc     0x00000000000052e6     0x65b4 fs/fs.o
 .debug_loc     0x000000000000b89a       0x2c lib/lib.a(_exit.o)
 .debug_loc     0x000000000000b8c6       0x3f lib/lib.a(open.o)
 .debug_loc     0x000000000000b905       0x3f lib/lib.a(close.o)
 .debug_loc     0x000000000000b944       0x57 lib/lib.a(write.o)
 .debug_loc     0x000000000000b99b       0x3f lib/lib.a(dup.o)
 .debug_loc     0x000000000000b9da       0x13 lib/lib.a(setsid.o)
 .debug_loc     0x000000000000b9ed       0x57 lib/lib.a(execve.o)
 .debug_loc     0x000000000000ba44       0x83 lib/lib.a(wait.o)
 .debug_loc     0x000000000000bac7      0x3a6 lib/lib.a(string.o)

.debug_macinfo
 *(.debug_macinfo)

.debug_weaknames
 *(.debug_weaknames)

.debug_funcnames
 *(.debug_funcnames)

.debug_typenames
 *(.debug_typenames)

.debug_varnames
 *(.debug_varnames)

.debug_pubtypes
 *(.debug_pubtypes)

.debug_ranges   0x0000000000000000      0x4a0
 *(.debug_ranges)
 .debug_ranges  0x0000000000000000      0x180 kernel/kernel.o
 .debug_ranges  0x0000000000000180      0x320 fs/fs.o

.gnu.attributes
 *(.gnu.attributes)

/DISCARD/
 *(.note.GNU-stack)
 *(.gnu_debuglink)
 *(.gnu.lto_*)
OUTPUT(tools/system elf32-i386)
