Archive member included because of file (symbol)

lib/lib.a(ctype.o)            kernel/kernel.o (_ctype)
lib/lib.a(_exit.o)            init/main.o (_exit)
lib/lib.a(open.o)             init/main.o (open)
lib/lib.a(close.o)            init/main.o (close)
lib/lib.a(errno.o)            init/main.o (errno)
lib/lib.a(write.o)            init/main.o (write)
lib/lib.a(dup.o)              init/main.o (dup)
lib/lib.a(setsid.o)           init/main.o (setsid)
lib/lib.a(execve.o)           init/main.o (execve)
lib/lib.a(wait.o)             init/main.o (wait)
lib/lib.a(string.o)           fs/fs.o (strlen)

Allocating common symbols
Common symbol       size              file

keyIdx              0x804             kernel/kernel.o
errno               0x4               lib/lib.a(errno.o)
hash_table          0x4cc             fs/fs.o
___strtok           0x4               lib/lib.a(string.o)
nizProcesa          0x80              kernel/kernel.o
keyTmp              0x201             kernel/kernel.o
buffer              0x401             kernel/kernel.o
user_stack          0x1000            kernel/kernel.o
_ctmp               0x1               lib/lib.a(ctype.o)
super_block         0x340             fs/fs.o
file_table          0x400             fs/fs.o

Discarded input sections

 .note.GNU-stack
                0x0000000000000000        0x0 init/main.o
 .note.GNU-stack
                0x0000000000000000        0x0 kernel/kernel.o
 .note.GNU-stack
                0x0000000000000000        0x0 mm/mm.o
 .note.GNU-stack
                0x0000000000000000        0x0 fs/fs.o
 .note.GNU-stack
                0x0000000000000000        0x0 lib/lib.a(ctype.o)
 .note.GNU-stack
                0x0000000000000000        0x0 lib/lib.a(_exit.o)
 .note.GNU-stack
                0x0000000000000000        0x0 lib/lib.a(open.o)
 .note.GNU-stack
                0x0000000000000000        0x0 lib/lib.a(close.o)
 .note.GNU-stack
                0x0000000000000000        0x0 lib/lib.a(errno.o)
 .note.GNU-stack
                0x0000000000000000        0x0 lib/lib.a(write.o)
 .note.GNU-stack
                0x0000000000000000        0x0 lib/lib.a(dup.o)
 .note.GNU-stack
                0x0000000000000000        0x0 lib/lib.a(setsid.o)
 .note.GNU-stack
                0x0000000000000000        0x0 lib/lib.a(execve.o)
 .note.GNU-stack
                0x0000000000000000        0x0 lib/lib.a(wait.o)
 .note.GNU-stack
                0x0000000000000000        0x0 lib/lib.a(string.o)

Memory Configuration

Name             Origin             Length             Attributes
*default*        0x0000000000000000 0xffffffffffffffff

Linker script and memory map

Address of section .text set to 0x0
LOAD boot/head.o
LOAD init/main.o
LOAD kernel/kernel.o
LOAD mm/mm.o
LOAD fs/fs.o
LOAD lib/lib.a
                0x0000000008048000                PROVIDE (__executable_start, 0x8048000)
                0x0000000008048094                . = (0x8048000 + SIZEOF_HEADERS)

.interp
 *(.interp)

.note.gnu.build-id
 *(.note.gnu.build-id)

.hash
 *(.hash)

.gnu.hash
 *(.gnu.hash)

.dynsym
 *(.dynsym)

.dynstr
 *(.dynstr)

.gnu.version
 *(.gnu.version)

.gnu.version_d
 *(.gnu.version_d)

.gnu.version_r
 *(.gnu.version_r)

.rel.dyn        0x0000000008048094        0x0
 *(.rel.init)
 *(.rel.text .rel.text.* .rel.gnu.linkonce.t.*)
 .rel.text      0x0000000000000000        0x0 boot/head.o
 *(.rel.fini)
 *(.rel.rodata .rel.rodata.* .rel.gnu.linkonce.r.*)
 *(.rel.data.rel.ro* .rel.gnu.linkonce.d.rel.ro.*)
 *(.rel.data .rel.data.* .rel.gnu.linkonce.d.*)
 .rel.data      0x0000000000000000        0x0 boot/head.o
 *(.rel.tdata .rel.tdata.* .rel.gnu.linkonce.td.*)
 *(.rel.tbss .rel.tbss.* .rel.gnu.linkonce.tb.*)
 *(.rel.ctors)
 *(.rel.dtors)
 *(.rel.got)
 *(.rel.bss .rel.bss.* .rel.gnu.linkonce.b.*)
 *(.rel.ifunc)

.rel.plt        0x0000000008048094        0x0
 *(.rel.plt)
                0x0000000008048094                PROVIDE (__rel_iplt_start, .)
 *(.rel.iplt)
 .rel.iplt      0x0000000000000000        0x0 boot/head.o
                0x0000000008048094                PROVIDE (__rel_iplt_end, .)

.init
 *(.init)

.plt            0x00000000080480a0        0x0
 *(.plt)
 *(.iplt)
 .iplt          0x0000000000000000        0x0 boot/head.o

.text           0x0000000000000000    0x11445
 *(.text.unlikely .text.*_unlikely)
 *(.text.exit .text.exit.*)
 *(.text.startup .text.startup.*)
 *(.text.hot .text.hot.*)
 *(.text .stub .text.* .gnu.linkonce.t.*)
 .text          0x0000000000000000     0x5078 boot/head.o
                0x0000000000000000                startup_32
                0x0000000000000000                pg_dir
                0x0000000000004078                idt
                0x0000000000004878                gdt
 *fill*         0x0000000000005078        0x8 90909090
 .text          0x0000000000005080      0x370 init/main.o
                0x00000000000050c1                init
                0x0000000000005232                main
 .text          0x00000000000053f0     0x6347 kernel/kernel.o
                0x00000000000053f0                sys_alarm
                0x0000000000005417                sys_getpid
                0x0000000000005423                sys_getppid
                0x000000000000542f                sys_getuid
                0x000000000000543c                sys_geteuid
                0x0000000000005449                sys_getgid
                0x0000000000005456                sys_getegid
                0x0000000000005463                sys_nice
                0x000000000000547c                sys_signal
                0x00000000000054b9                math_state_restore
                0x00000000000054f0                schedule
                0x00000000000055e1                sys_pause
                0x00000000000055f7                sleep_on
                0x0000000000005651                interruptible_sleep_on
                0x00000000000056bb                wake_up
                0x00000000000056d7                do_timer
                0x000000000000571d                sched_init
                0x0000000000005844                system_call
                0x0000000000005936                timer_interrupt
                0x0000000000005972                sys_execve
                0x0000000000005980                sys_fork
                0x0000000000005998                hd_interrupt
                0x0000000000005b45                do_double_fault
                0x0000000000005b5e                do_general_protection
                0x0000000000005b77                do_divide_error
                0x0000000000005b90                do_int3
                0x0000000000005c48                do_nmi
                0x0000000000005c61                do_debug
                0x0000000000005c7a                do_overflow
                0x0000000000005c93                do_bounds
                0x0000000000005cac                do_invalid_op
                0x0000000000005cc5                do_device_not_available
                0x0000000000005cde                do_coprocessor_segment_overrun
                0x0000000000005cf7                do_invalid_TSS
                0x0000000000005d10                do_segment_not_present
                0x0000000000005d29                do_stack_segment
                0x0000000000005d42                do_coprocessor_error
                0x0000000000005d5b                do_reserved
                0x0000000000005d74                trap_init
                0x0000000000005f30                divide_error
                0x0000000000005f65                debug
                0x0000000000005f6c                nmi
                0x0000000000005f73                int3
                0x0000000000005f7a                overflow
                0x0000000000005f81                bounds
                0x0000000000005f88                invalid_op
                0x0000000000005f97                device_not_available
                0x0000000000005fc4                coprocessor_segment_overrun
                0x0000000000005fce                reserved
                0x0000000000005fd8                coprocessor_error
                0x0000000000005fe2                double_fault
                0x0000000000006019                invalid_TSS
                0x0000000000006020                segment_not_present
                0x0000000000006027                stack_segment
                0x000000000000602e                general_protection
                0x0000000000006038                verify_area
                0x000000000000609d                copy_mem
                0x0000000000006193                copy_process
                0x0000000000006422                find_empty_process
                0x0000000000006484                panic
                0x00000000000064a0                printk
                0x0000000000006736                vsprintf
                0x0000000000006aa0                tty_init
                0x0000000000006ab1                tty_intr
                0x0000000000006af6                copy_to_cooked
                0x0000000000006d76                tty_read
                0x000000000000703c                tty_write
                0x0000000000007219                do_tty_interrupt
                0x0000000000007445                csi_m
                0x00000000000074a0                con_write
                0x0000000000007e0a                con_init
                0x0000000000007e8d                prikazi_root_velicinu
                0x0000000000007f0a                sys_clear
                0x0000000000007f1b                sys_videowrite
                0x0000000000007f7b                keyboard_interrupt
                0x0000000000008522                user_key_map_size
                0x000000000000854a                user_key_ptr
                0x000000000000854e                user_shift_ptr
                0x0000000000008552                user_alt_ptr
                0x0000000000008556                selected_layout
                0x0000000000008a44                rs1_interrupt
                0x0000000000008a4c                rs2_interrupt
                0x00000000000091b9                rw_hd
                0x0000000000009262                sys_setup
                0x0000000000009361                unexpected_hd_interrupt
                0x0000000000009374                hd_init
                0x00000000000093f0                sys_ftime
                0x00000000000093f6                sys_mknod
                0x00000000000093fc                sys_break
                0x0000000000009402                sys_mount
                0x0000000000009408                sys_umount
                0x000000000000940e                sys_ustat
                0x0000000000009414                sys_ptrace
                0x000000000000941a                sys_stty
                0x0000000000009420                sys_gtty
                0x0000000000009426                sys_rename
                0x000000000000942c                sys_prof
                0x0000000000009432                sys_setgid
                0x000000000000948f                sys_acct
                0x0000000000009495                sys_phys
                0x000000000000949b                sys_lock
                0x00000000000094a1                sys_mpx
                0x00000000000094a7                sys_ulimit
                0x00000000000094ad                sys_time
                0x0000000000009500                sys_setuid
                0x0000000000009559                sys_stime
                0x00000000000095a6                sys_times
                0x00000000000095ff                sys_brk
                0x0000000000009632                sys_setpgid
                0x00000000000096a7                sys_getpgrp
                0x00000000000096b3                sys_setsid
                0x0000000000009708                sys_oldolduname
                0x0000000000009720                sys_uname
                0x000000000000976d                sys_umask
                0x000000000000978b                sys_null
                0x00000000000097c3                swap
                0x00000000000097d8                swapInt
                0x00000000000097eb                enkriptuj
                0x00000000000099b6                dekriptuj
                0x0000000000009b3d                sys_change_user_layout
                0x0000000000009ba6                getIndexCurrenta
                0x0000000000009bd0                sys_keyset
                0x0000000000009d6b                funkcija
                0x0000000000009e2a                reverse
                0x0000000000009e91                brojToString
                0x0000000000009ee0                shiftStringToLeft
                0x0000000000009f31                doesItContainString
                0x0000000000009fbd                fillStuff
                0x0000000000009ffa                izbrisiIzFajla
                0x000000000000a0fa                upisiUFajl
                0x000000000000a4bd                encry_Direktorijum
                0x000000000000a4e2                decry_Direktorijum
                0x000000000000a53d                get_hash_for_current_key
                0x000000000000a584                encryWithInode
                0x000000000000a6ba                decryWithInode
                0x000000000000a81b                prolazKrozFajlove
                0x000000000000aab4                sys_decry
                0x000000000000ad33                sys_encry
                0x000000000000aed3                sys_keyclear
                0x000000000000af48                sys_zapocni
                0x000000000000aff3                sys_menjanjeEchoa
                0x000000000000b010                release
                0x000000000000b06a                do_kill
                0x000000000000b2e3                sys_kill
                0x000000000000b319                do_exit
                0x000000000000b4ac                sys_exit
                0x000000000000b4c7                sys_waitpid
                0x000000000000b64e                rs_init
                0x000000000000b6a6                rs_write
                0x000000000000b6d0                kernel_mktime
 *fill*         0x000000000000b737        0x1 90909090
 .text          0x000000000000b738      0x517 mm/mm.o
                0x000000000000b738                invalidate
                0x000000000000b741                copy_page
                0x000000000000b766                get_free_page
                0x000000000000b79e                free_page
                0x000000000000b7fe                free_page_tables
                0x000000000000b8ae                copy_page_tables
                0x000000000000b9a8                put_page
                0x000000000000ba55                un_wp_page
                0x000000000000bae5                do_wp_page
                0x000000000000bb15                write_verify
                0x000000000000bb54                do_no_page
                0x000000000000bb84                calc_mem
                0x000000000000bc18                page_fault
 *fill*         0x000000000000bc4f        0x1 90909090
 .text          0x000000000000bc50     0x523c fs/fs.o
                0x000000000000bc50                sys_utime
                0x000000000000bcb9                sys_access
                0x000000000000bd50                sys_chdir
                0x000000000000bdb3                sys_chroot
                0x000000000000be16                sys_chmod
                0x000000000000beab                sys_chown
                0x000000000000bf12                sys_open
                0x000000000000c0a6                sys_creat
                0x000000000000c0c9                sys_close
                0x000000000000c150                sys_lseek
                0x000000000000c20c                sys_read
                0x000000000000c367                sys_write
                0x000000000000c87b                sync_inodes
                0x000000000000c8c5                bmap
                0x000000000000c8de                create_block
                0x000000000000c8f7                iput
                0x000000000000c9e5                get_empty_inode
                0x000000000000cad3                get_pipe_inode
                0x000000000000cb1a                iget
                0x000000000000cd07                sys_sync
                0x000000000000cd6f                brelse
                0x000000000000cdc1                get_hash_table
                0x000000000000ce20                getblk
                0x000000000000d0bf                bread
                0x000000000000d119                buffer_init
                0x000000000000d1b4                do_mount
                0x000000000000d3bf                mount_root
                0x000000000000d510                block_write
                0x000000000000d5f3                block_read
                0x000000000000d6ca                ll_rw_block
                0x000000000000d793                rw_char
                0x000000000000d804                hashString
                0x000000000000d88f                isItInTheFile
                0x000000000000da0a                file_read
                0x000000000000dbe0                file_write
                0x000000000000def2                sys_stat
                0x000000000000df37                sys_lstat
                0x000000000000df52                sys_fstat
                0x000000000000df95                sys_stat64
                0x000000000000dfda                sys_fstat64
                0x000000000000e01d                sys_lstat64
                0x000000000000e038                sys_oldstat
                0x000000000000e050                sys_oldfstat
                0x000000000000e194                cp_block
                0x000000000000e1c9                is_valid_elf
                0x000000000000e20e                read_file_block_ind
                0x000000000000e2a3                read_file_block
                0x000000000000e3a2                copy_section
                0x000000000000e490                create_bss_section
                0x000000000000e4b6                load_elf_binary
                0x000000000000e6c1                do_execve
                0x000000000000eb54                read_pipe
                0x000000000000ebed                write_pipe
                0x000000000000ece6                sys_pipe
                0x000000000000f319                namei
                0x000000000000f3cf                open_namei
                0x000000000000f635                sys_mkdir
                0x000000000000f8ea                sys_rmdir
                0x000000000000fc5c                sys_unlink
                0x000000000000fe44                sys_link
                0x000000000000fff0                free_block
                0x000000000001012b                new_block
                0x00000000000102ae                free_inode
                0x00000000000103da                new_inode
                0x00000000000105ba                sys_dup2
                0x00000000000105da                sys_dup
                0x00000000000105ea                sys_fcntl
                0x00000000000106a7                sys_fcntl64
                0x00000000000106fc                sys_ioctl
                0x0000000000010799                tty_ioctl
                0x0000000000010a65                truncate
                0x0000000000010b70                sys_getdents
                0x0000000000010cfe                sys_getdents64
 .text          0x0000000000010e8c        0x0 lib/lib.a(ctype.o)
 .text          0x0000000000010e8c        0xe lib/lib.a(_exit.o)
                0x0000000000010e8c                _exit
 *fill*         0x0000000000010e9a        0x2 90909090
 .text          0x0000000000010e9c       0x3d lib/lib.a(open.o)
                0x0000000000010e9c                open
 *fill*         0x0000000000010ed9        0x3 90909090
 .text          0x0000000000010edc       0x23 lib/lib.a(close.o)
                0x0000000000010edc                close
 *fill*         0x0000000000010eff        0x1 90909090
 .text          0x0000000000010f00        0x0 lib/lib.a(errno.o)
 .text          0x0000000000010f00       0x3d lib/lib.a(write.o)
                0x0000000000010f00                write
 *fill*         0x0000000000010f3d        0x3 90909090
 .text          0x0000000000010f40       0x23 lib/lib.a(dup.o)
                0x0000000000010f40                dup
 *fill*         0x0000000000010f63        0x1 90909090
 .text          0x0000000000010f64       0x1e lib/lib.a(setsid.o)
                0x0000000000010f64                setsid
 *fill*         0x0000000000010f82        0x2 90909090
 .text          0x0000000000010f84       0x3d lib/lib.a(execve.o)
                0x0000000000010f84                execve
 *fill*         0x0000000000010fc1        0x3 90909090
 .text          0x0000000000010fc4       0x60 lib/lib.a(wait.o)
                0x0000000000010fc4                waitpid
                0x0000000000011001                wait
 .text          0x0000000000011024      0x421 lib/lib.a(string.o)
                0x0000000000011024                strcpy
                0x000000000001104c                strncpy
                0x000000000001107d                strcat
                0x00000000000110b2                strncat
                0x00000000000110f1                strcmp
                0x000000000001111f                strncmp
                0x0000000000011154                strchr
                0x0000000000011172                strrchr
                0x0000000000011193                strspn
                0x00000000000111e0                strcspn
                0x000000000001122d                strpbrk
                0x0000000000011272                strstr
                0x00000000000112b7                strlen
                0x00000000000112d0                strtok
                0x0000000000011361                memcpy
                0x0000000000011387                memmove
                0x00000000000113d5                memcmp
                0x0000000000011409                memchr
                0x000000000001142f                memset
 *(.gnu.warning)

.fini
 *(.fini)
                0x0000000000011445                PROVIDE (__etext, .)
                0x0000000000011445                PROVIDE (_etext, .)
                0x0000000000011445                PROVIDE (etext, .)

.rodata         0x0000000000011460     0x1100
 *(.rodata .rodata.* .gnu.linkonce.r.*)
 .rodata.str1.1
                0x0000000000011460       0x68 init/main.o
 .rodata.str1.4
                0x00000000000114c8       0x25 init/main.o
 *fill*         0x00000000000114ed       0x13 00
 .rodata        0x0000000000011500      0x270 kernel/kernel.o
 .rodata.str1.1
                0x0000000000011770      0x2c5 kernel/kernel.o
                                        0x2eb (size before relaxing)
 *fill*         0x0000000000011a35        0x3 00
 .rodata.str1.4
                0x0000000000011a38      0x28c kernel/kernel.o
 .rodata.str1.4
                0x0000000000011cc4       0xe9 mm/mm.o
 .rodata.str1.1
                0x0000000000011dad       0x68 mm/mm.o
 *fill*         0x0000000000011e15        0xb 00
 .rodata        0x0000000000011e20       0xc4 fs/fs.o
 .rodata.str1.1
                0x0000000000011ee4      0x348 fs/fs.o
                                        0x34e (size before relaxing)
 .rodata.str1.4
                0x000000000001222c      0x334 fs/fs.o

.rodata1
 *(.rodata1)

.eh_frame_hdr
 *(.eh_frame_hdr)

.eh_frame       0x0000000000012560     0x2704
 *(.eh_frame)
 .eh_frame      0x0000000000012560       0x74 init/main.o
 .eh_frame      0x00000000000125d4     0x1204 kernel/kernel.o
                                       0x133c (size before relaxing)
 .eh_frame      0x00000000000137d8      0x1a8 mm/mm.o
                                        0x1c0 (size before relaxing)
 .eh_frame      0x0000000000013980      0xf88 fs/fs.o
                                       0x1138 (size before relaxing)
 .eh_frame      0x0000000000014908       0x1c lib/lib.a(_exit.o)
                                         0x34 (size before relaxing)
 .eh_frame      0x0000000000014924       0x20 lib/lib.a(open.o)
                                         0x38 (size before relaxing)
 .eh_frame      0x0000000000014944       0x1c lib/lib.a(close.o)
                                         0x34 (size before relaxing)
 .eh_frame      0x0000000000014960       0x20 lib/lib.a(write.o)
                                         0x38 (size before relaxing)
 .eh_frame      0x0000000000014980       0x1c lib/lib.a(dup.o)
                                         0x34 (size before relaxing)
 .eh_frame      0x000000000001499c       0x14 lib/lib.a(setsid.o)
                                         0x2c (size before relaxing)
 .eh_frame      0x00000000000149b0       0x20 lib/lib.a(execve.o)
                                         0x38 (size before relaxing)
 .eh_frame      0x00000000000149d0       0x38 lib/lib.a(wait.o)
                                         0x50 (size before relaxing)
 .eh_frame      0x0000000000014a08      0x25c lib/lib.a(string.o)
                                        0x274 (size before relaxing)

.gcc_except_table
 *(.gcc_except_table .gcc_except_table.*)

.exception_ranges
 *(.exception_ranges .exception_ranges*)
                0x0000000000014c64                . = (ALIGN (0x1000) - ((0x1000 - .) & 0xfff))
                0x0000000000015000                . = DATA_SEGMENT_ALIGN (0x1000, 0x1000)

.eh_frame
 *(.eh_frame)

.gcc_except_table
 *(.gcc_except_table .gcc_except_table.*)

.exception_ranges
 *(.exception_ranges .exception_ranges*)

.tdata
 *(.tdata .tdata.* .gnu.linkonce.td.*)

.tbss
 *(.tbss .tbss.* .gnu.linkonce.tb.*)
 *(.tcommon)

.preinit_array  0x0000000000015000        0x0
                0x0000000000015000                PROVIDE (__preinit_array_start, .)
 *(.preinit_array)
                0x0000000000015000                PROVIDE (__preinit_array_end, .)

.init_array     0x0000000000015000        0x0
                0x0000000000015000                PROVIDE (__init_array_start, .)
 *(SORT(.init_array.*) SORT(.ctors.*))
 *(.init_array)
 *(EXCLUDE_FILE(*crtend?.o *crtend.o *crtbegin?.o *crtbegin.o) .ctors)
                0x0000000000015000                PROVIDE (__init_array_end, .)

.fini_array     0x0000000000015000        0x0
                0x0000000000015000                PROVIDE (__fini_array_start, .)
 *(SORT(.fini_array.*) SORT(.dtors.*))
 *(.fini_array)
 *(EXCLUDE_FILE(*crtend?.o *crtend.o *crtbegin?.o *crtbegin.o) .dtors)
                0x0000000000015000                PROVIDE (__fini_array_end, .)

.ctors
 *crtbegin.o(.ctors)
 *crtbegin?.o(.ctors)
 *(EXCLUDE_FILE(*crtend?.o *crtend.o) .ctors)
 *(SORT(.ctors.*))
 *(.ctors)

.dtors
 *crtbegin.o(.dtors)
 *crtbegin?.o(.dtors)
 *(EXCLUDE_FILE(*crtend?.o *crtend.o) .dtors)
 *(SORT(.dtors.*))
 *(.dtors)

.jcr
 *(.jcr)

.data.rel.ro
 *(.data.rel.ro.local* .gnu.linkonce.d.rel.ro.local.*)
 *(.data.rel.ro* .gnu.linkonce.d.rel.ro.*)

.dynamic
 *(.dynamic)

.got
 *(.got)
 *(.igot)
                0x0000000000015000                . = DATA_SEGMENT_RELRO_END (., 0xc)

.got.plt        0x0000000000015000        0x0
 *(.got.plt)
 *(.igot.plt)
 .igot.plt      0x0000000000000000        0x0 boot/head.o

.data           0x0000000000015000     0x3f44
 *(.data .data.* .gnu.linkonce.d.*)
 .data          0x0000000000015000        0x0 boot/head.o
 .data          0x0000000000015000       0x18 init/main.o
 *fill*         0x0000000000015018        0x8 00
 .data          0x0000000000015020     0x3dec kernel/kernel.o
                0x0000000000015020                stack_start
                0x0000000000015040                task
                0x0000000000015140                current
                0x0000000000015160                sys_call_table
                0x0000000000016660                table_list
                0x0000000000016680                tty_table
                0x0000000000018bc0                prviSledeciBrojac
                0x0000000000018bc4                brojacGlobal
                0x0000000000018bc8                nizSlobodnih
                0x0000000000018be0                nizProcesVremena
                0x0000000000018c00                nizProcesIDova
 .data          0x0000000000018e0c        0x0 mm/mm.o
 .data          0x0000000000018e0c       0x18 fs/fs.o
                0x0000000000018e0c                start_buffer
                0x0000000000018e10                provera
                0x0000000000018e14                brojZaFoldere
                0x0000000000018e18                brojZaGlavniFile
                0x0000000000018e1c                pathZaFoldere
                0x0000000000018e20                pathZaFile
 *fill*         0x0000000000018e24       0x1c 00
 .data          0x0000000000018e40      0x101 lib/lib.a(ctype.o)
                0x0000000000018e40                _ctype
 *fill*         0x0000000000018f41        0x3 00
 .data          0x0000000000018f44        0x0 lib/lib.a(_exit.o)
 .data          0x0000000000018f44        0x0 lib/lib.a(open.o)
 .data          0x0000000000018f44        0x0 lib/lib.a(close.o)
 .data          0x0000000000018f44        0x0 lib/lib.a(errno.o)
 .data          0x0000000000018f44        0x0 lib/lib.a(write.o)
 .data          0x0000000000018f44        0x0 lib/lib.a(dup.o)
 .data          0x0000000000018f44        0x0 lib/lib.a(setsid.o)
 .data          0x0000000000018f44        0x0 lib/lib.a(execve.o)
 .data          0x0000000000018f44        0x0 lib/lib.a(wait.o)
 .data          0x0000000000018f44        0x0 lib/lib.a(string.o)

.data1
 *(.data1)
                0x0000000000018f44                _edata = .
                0x0000000000018f44                PROVIDE (edata, .)
                0x0000000000018f44                __bss_start = .

.bss            0x0000000000018f60     0x4c0c
 *(.dynbss)
 *(.bss .bss.* .gnu.linkonce.b.*)
 .bss           0x0000000000018f60        0x0 boot/head.o
 .bss           0x0000000000018f60      0x400 init/main.o
 .bss           0x0000000000019360      0x9e0 kernel/kernel.o
                0x0000000000019360                last_task_used_math
                0x0000000000019364                startup_time
                0x0000000000019368                jiffies
                0x000000000001936c                last_pid
                0x0000000000019820                do_hd
                0x0000000000019d2c                global_key
                0x0000000000019d3c                debugBr
 .bss           0x0000000000019d40      0xc00 mm/mm.o
 .bss           0x000000000001a940      0x714 fs/fs.o
                0x000000000001a940                inode_table
                0x000000000001b044                nr_buffers
                0x000000000001b050                br
 .bss           0x000000000001b054        0x0 lib/lib.a(ctype.o)
 .bss           0x000000000001b054        0x0 lib/lib.a(_exit.o)
 .bss           0x000000000001b054        0x0 lib/lib.a(open.o)
 .bss           0x000000000001b054        0x0 lib/lib.a(close.o)
 .bss           0x000000000001b054        0x0 lib/lib.a(errno.o)
 .bss           0x000000000001b054        0x0 lib/lib.a(write.o)
 .bss           0x000000000001b054        0x0 lib/lib.a(dup.o)
 .bss           0x000000000001b054        0x0 lib/lib.a(setsid.o)
 .bss           0x000000000001b054        0x0 lib/lib.a(execve.o)
 .bss           0x000000000001b054        0x0 lib/lib.a(wait.o)
 .bss           0x000000000001b054        0x0 lib/lib.a(string.o)
 *(COMMON)
 *fill*         0x000000000001b054        0xc 00
 COMMON         0x000000000001b060     0x1ee0 kernel/kernel.o
                0x000000000001b060                keyIdx
                0x000000000001b880                nizProcesa
                0x000000000001b900                keyTmp
                0x000000000001bb20                buffer
                0x000000000001bf40                user_stack
 COMMON         0x000000000001cf40      0xc20 fs/fs.o
                0x000000000001cf40                hash_table
                0x000000000001d420                super_block
                0x000000000001d760                file_table
 COMMON         0x000000000001db60        0x1 lib/lib.a(ctype.o)
                0x000000000001db60                _ctmp
 *fill*         0x000000000001db61        0x3 00
 COMMON         0x000000000001db64        0x4 lib/lib.a(errno.o)
                0x000000000001db64                errno
 COMMON         0x000000000001db68        0x4 lib/lib.a(string.o)
                0x000000000001db68                ___strtok
                0x000000000001db6c                . = ALIGN ((. != 0x0)?0x4:0x1)
                0x000000000001db6c                . = ALIGN (0x4)
                0x000000000001db6c                . = ALIGN (0x4)
                0x000000000001db6c                _end = .
                0x000000000001db6c                PROVIDE (end, .)
                0x000000000001db6c                . = DATA_SEGMENT_END (.)

.stab
 *(.stab)

.stabstr
 *(.stabstr)

.stab.excl
 *(.stab.excl)

.stab.exclstr
 *(.stab.exclstr)

.stab.index
 *(.stab.index)

.stab.indexstr
 *(.stab.indexstr)

.comment        0x0000000000000000       0x2a
 *(.comment)
 .comment       0x0000000000000000       0x2a init/main.o
                                         0x2b (size before relaxing)
 .comment       0x0000000000000000      0x22f kernel/kernel.o
 .comment       0x0000000000000000       0x2b mm/mm.o
 .comment       0x0000000000000000      0x331 fs/fs.o
 .comment       0x0000000000000000       0x2b lib/lib.a(ctype.o)
 .comment       0x0000000000000000       0x2b lib/lib.a(_exit.o)
 .comment       0x0000000000000000       0x2b lib/lib.a(open.o)
 .comment       0x0000000000000000       0x2b lib/lib.a(close.o)
 .comment       0x0000000000000000       0x2b lib/lib.a(errno.o)
 .comment       0x0000000000000000       0x2b lib/lib.a(write.o)
 .comment       0x0000000000000000       0x2b lib/lib.a(dup.o)
 .comment       0x0000000000000000       0x2b lib/lib.a(setsid.o)
 .comment       0x0000000000000000       0x2b lib/lib.a(execve.o)
 .comment       0x0000000000000000       0x2b lib/lib.a(wait.o)
 .comment       0x0000000000000000       0x2b lib/lib.a(string.o)

.debug
 *(.debug)

.line
 *(.line)

.debug_srcinfo
 *(.debug_srcinfo)

.debug_sfnames
 *(.debug_sfnames)

.debug_aranges  0x0000000000000000      0x540
 *(.debug_aranges)
 .debug_aranges
                0x0000000000000000       0x20 init/main.o
 .debug_aranges
                0x0000000000000020      0x1a0 kernel/kernel.o
 .debug_aranges
                0x00000000000001c0       0x20 mm/mm.o
 .debug_aranges
                0x00000000000001e0      0x240 fs/fs.o
 .debug_aranges
                0x0000000000000420       0x20 lib/lib.a(_exit.o)
 .debug_aranges
                0x0000000000000440       0x20 lib/lib.a(open.o)
 .debug_aranges
                0x0000000000000460       0x20 lib/lib.a(close.o)
 .debug_aranges
                0x0000000000000480       0x20 lib/lib.a(write.o)
 .debug_aranges
                0x00000000000004a0       0x20 lib/lib.a(dup.o)
 .debug_aranges
                0x00000000000004c0       0x20 lib/lib.a(setsid.o)
 .debug_aranges
                0x00000000000004e0       0x20 lib/lib.a(execve.o)
 .debug_aranges
                0x0000000000000500       0x20 lib/lib.a(wait.o)
 .debug_aranges
                0x0000000000000520       0x20 lib/lib.a(string.o)

.debug_pubnames
 *(.debug_pubnames)

.debug_info     0x0000000000000000    0x1c370
 *(.debug_info .gnu.linkonce.wi.*)
 .debug_info    0x0000000000000000      0xccf init/main.o
 .debug_info    0x0000000000000ccf     0xa56e kernel/kernel.o
 .debug_info    0x000000000000b23d      0x4d6 mm/mm.o
 .debug_info    0x000000000000b713     0xe56c fs/fs.o
 .debug_info    0x0000000000019c7f       0x70 lib/lib.a(ctype.o)
 .debug_info    0x0000000000019cef      0x3af lib/lib.a(_exit.o)
 .debug_info    0x000000000001a09e      0x403 lib/lib.a(open.o)
 .debug_info    0x000000000001a4a1      0x3ce lib/lib.a(close.o)
 .debug_info    0x000000000001a86f       0x3f lib/lib.a(errno.o)
 .debug_info    0x000000000001a8ae      0x400 lib/lib.a(write.o)
 .debug_info    0x000000000001acae      0x3ce lib/lib.a(dup.o)
 .debug_info    0x000000000001b07c      0x3cb lib/lib.a(setsid.o)
 .debug_info    0x000000000001b447      0x3fc lib/lib.a(execve.o)
 .debug_info    0x000000000001b843      0x428 lib/lib.a(wait.o)
 .debug_info    0x000000000001bc6b      0x705 lib/lib.a(string.o)

.debug_abbrev   0x0000000000000000     0x4650
 *(.debug_abbrev)
 .debug_abbrev  0x0000000000000000      0x1d7 init/main.o
 .debug_abbrev  0x00000000000001d7     0x1991 kernel/kernel.o
 .debug_abbrev  0x0000000000001b68      0x1af mm/mm.o
 .debug_abbrev  0x0000000000001d17     0x21a4 fs/fs.o
 .debug_abbrev  0x0000000000003ebb       0x42 lib/lib.a(ctype.o)
 .debug_abbrev  0x0000000000003efd       0xa3 lib/lib.a(_exit.o)
 .debug_abbrev  0x0000000000003fa0       0xdc lib/lib.a(open.o)
 .debug_abbrev  0x000000000000407c       0xb4 lib/lib.a(close.o)
 .debug_abbrev  0x0000000000004130       0x30 lib/lib.a(errno.o)
 .debug_abbrev  0x0000000000004160       0xd7 lib/lib.a(write.o)
 .debug_abbrev  0x0000000000004237       0xb4 lib/lib.a(dup.o)
 .debug_abbrev  0x00000000000042eb       0xb2 lib/lib.a(setsid.o)
 .debug_abbrev  0x000000000000439d       0xbb lib/lib.a(execve.o)
 .debug_abbrev  0x0000000000004458       0xd0 lib/lib.a(wait.o)
 .debug_abbrev  0x0000000000004528      0x128 lib/lib.a(string.o)

.debug_line     0x0000000000000000     0x3c4e
 *(.debug_line)
 .debug_line    0x0000000000000000      0x11e init/main.o
 .debug_line    0x000000000000011e     0x193a kernel/kernel.o
 .debug_line    0x0000000000001a58      0x122 mm/mm.o
 .debug_line    0x0000000000001b7a     0x1c0c fs/fs.o
 .debug_line    0x0000000000003786       0x28 lib/lib.a(ctype.o)
 .debug_line    0x00000000000037ae       0x50 lib/lib.a(_exit.o)
 .debug_line    0x00000000000037fe       0x76 lib/lib.a(open.o)
 .debug_line    0x0000000000003874       0x6e lib/lib.a(close.o)
 .debug_line    0x00000000000038e2       0x28 lib/lib.a(errno.o)
 .debug_line    0x000000000000390a       0x8c lib/lib.a(write.o)
 .debug_line    0x0000000000003996       0x6c lib/lib.a(dup.o)
 .debug_line    0x0000000000003a02       0x88 lib/lib.a(setsid.o)
 .debug_line    0x0000000000003a8a       0x73 lib/lib.a(execve.o)
 .debug_line    0x0000000000003afd       0x90 lib/lib.a(wait.o)
 .debug_line    0x0000000000003b8d       0xc1 lib/lib.a(string.o)

.debug_frame
 *(.debug_frame)

.debug_str      0x0000000000000000     0x1ef0
 *(.debug_str)
 .debug_str     0x0000000000000000      0x409 init/main.o
                                        0x4bb (size before relaxing)
 .debug_str     0x0000000000000409      0xf09 kernel/kernel.o
                                       0x37fb (size before relaxing)
 .debug_str     0x0000000000001312      0x137 mm/mm.o
                                        0x1d7 (size before relaxing)
 .debug_str     0x0000000000001449      0x9c6 fs/fs.o
                                       0x5679 (size before relaxing)
 .debug_str     0x0000000000001e0f       0x3c lib/lib.a(ctype.o)
                                         0x7c (size before relaxing)
 .debug_str     0x0000000000001e4b        0x8 lib/lib.a(_exit.o)
                                        0x29a (size before relaxing)
 .debug_str     0x0000000000000000        0x8 lib/lib.a(open.o)
                                        0x2aa (size before relaxing)
 .debug_str     0x0000000000001e53        0x8 lib/lib.a(close.o)
                                        0x29c (size before relaxing)
 .debug_str     0x0000000000001e5b        0x8 lib/lib.a(errno.o)
                                         0x4e (size before relaxing)
 .debug_str     0x0000000000000000        0x8 lib/lib.a(write.o)
                                        0x2a8 (size before relaxing)
 .debug_str     0x0000000000001e63        0x6 lib/lib.a(dup.o)
                                        0x294 (size before relaxing)
 .debug_str     0x0000000000001e69        0x9 lib/lib.a(setsid.o)
                                        0x2a4 (size before relaxing)
 .debug_str     0x0000000000001e72        0x9 lib/lib.a(execve.o)
                                        0x2ad (size before relaxing)
 .debug_str     0x0000000000001e7b       0x11 lib/lib.a(wait.o)
                                        0x2ba (size before relaxing)
 .debug_str     0x0000000000001e8c       0x64 lib/lib.a(string.o)
                                        0x102 (size before relaxing)

.debug_loc      0x0000000000000000     0xc912
 *(.debug_loc)
 .debug_loc     0x0000000000000000      0x256 init/main.o
 .debug_loc     0x0000000000000256     0x5449 kernel/kernel.o
 .debug_loc     0x000000000000569f      0x640 mm/mm.o
 .debug_loc     0x0000000000005cdf     0x6660 fs/fs.o
 .debug_loc     0x000000000000c33f       0x2c lib/lib.a(_exit.o)
 .debug_loc     0x000000000000c36b       0x3f lib/lib.a(open.o)
 .debug_loc     0x000000000000c3aa       0x3f lib/lib.a(close.o)
 .debug_loc     0x000000000000c3e9       0x57 lib/lib.a(write.o)
 .debug_loc     0x000000000000c440       0x3f lib/lib.a(dup.o)
 .debug_loc     0x000000000000c47f       0x13 lib/lib.a(setsid.o)
 .debug_loc     0x000000000000c492       0x57 lib/lib.a(execve.o)
 .debug_loc     0x000000000000c4e9       0x83 lib/lib.a(wait.o)
 .debug_loc     0x000000000000c56c      0x3a6 lib/lib.a(string.o)

.debug_macinfo
 *(.debug_macinfo)

.debug_weaknames
 *(.debug_weaknames)

.debug_funcnames
 *(.debug_funcnames)

.debug_typenames
 *(.debug_typenames)

.debug_varnames
 *(.debug_varnames)

.debug_pubtypes
 *(.debug_pubtypes)

.debug_ranges   0x0000000000000000      0x488
 *(.debug_ranges)
 .debug_ranges  0x0000000000000000      0x168 kernel/kernel.o
 .debug_ranges  0x0000000000000168      0x320 fs/fs.o

.gnu.attributes
 *(.gnu.attributes)

/DISCARD/
 *(.note.GNU-stack)
 *(.gnu_debuglink)
 *(.gnu.lto_*)
OUTPUT(tools/system elf32-i386)
